Microchip MPLAB XC8 Compiler V1.30 ()

Linker command line:

--edf=D:\Program Files (x86)\Microchip\xc8\v1.30\dat\en_msgs.txt -cs \
  -h+ZH-SL-H40.sym --cmf=ZH-SL-H40.cmf -z -Q16F1938 \
  -oC:\Users\HP\AppData\Local\Temp\sfm0.6 -MZH-SL-H40.map -E1 -ver=XC8 \
  -ASTACK=022D0h-0236fh -pstack=STACK -ACONST=00h-0FFhx64 \
  -ACODE=00h-07FFhx8 -ASTRCODE=00h-03FFFh -AENTRY=00h-0FFhx64 \
  -ASTRING=00h-0FFhx64 -ACOMMON=070h-07Fh -ABANK0=020h-06Fh \
  -ABANK1=0A0h-0EFh -ABANK2=0120h-016Fh -ABANK3=01A0h-01EFh \
  -ABANK4=0220h-026Fh -ABANK5=02A0h-02EFh -ABANK6=0320h-036Fh \
  -ABANK7=03A0h-03EFh -ABANK8=0420h-046Fh -ABANK9=04A0h-04EFh \
  -ABANK10=0520h-056Fh -ABANK11=05A0h-05EFh -ABANK12=0620h-064Fh \
  -ABIGRAM=02000h-023EFh \
  -ARAM=020h-06Fh,0A0h-0EFh,0120h-016Fh,01A0h-01EFh,0220h-026Fh,02A0h-02EFh,0320h-036Fh,03A0h-03EFh,0420h-046Fh,04A0h-04EFh,0520h-056Fh,05A0h-05EFh,0620h-064Fh \
  -AABS1=020h-07Fh,0A0h-0EFh,0120h-016Fh,01A0h-01EFh,0220h-026Fh,02A0h-02EFh,0320h-036Fh,03A0h-03EFh,0420h-046Fh,04A0h-04EFh,0520h-056Fh,05A0h-05EFh,0620h-064Fh \
  -ASFR0=00h-01Fh -ASFR1=080h-09Fh -ASFR2=0100h-011Fh -ASFR3=0180h-019Fh \
  -ASFR4=0200h-021Fh -ASFR5=0280h-029Fh -ASFR6=0300h-031Fh \
  -ASFR7=0380h-039Fh -ASFR8=0400h-041Fh -ASFR9=0480h-049Fh \
  -ASFR10=0500h-051Fh -ASFR11=0580h-059Fh -ASFR12=0600h-061Fh \
  -ASFR13=0680h-06EFh -ASFR14=0700h-076Fh -ASFR15=0780h-07EFh \
  -ASFR16=0800h-086Fh -ASFR17=0880h-08EFh -ASFR18=0900h-096Fh \
  -ASFR19=0980h-09EFh -ASFR20=0A00h-0A6Fh -ASFR21=0A80h-0AEFh \
  -ASFR22=0B00h-0B6Fh -ASFR23=0B80h-0BEFh -ASFR24=0C00h-0C6Fh \
  -ASFR25=0C80h-0CEFh -ASFR26=0D00h-0D6Fh -ASFR27=0D80h-0DEFh \
  -ASFR28=0E00h-0E6Fh -ASFR29=0E80h-0EEFh -ASFR30=0F00h-0F6Fh \
  -ASFR31=0F80h-0FEFh -preset_vec=00h,intentry=04h,init,end_init \
  -ppowerup=CODE -pcinit=CODE -pfunctab=CODE -ACONFIG=08007h-08008h \
  -pconfig=CONFIG -DCONFIG=2 -AIDLOC=08000h-08003h -pidloc=IDLOC -DIDLOC=2 \
  -AEEDATA=00h-0FFh/0F000h -peeprom_data=EEDATA -DEEDATA=2 -DCODE=2 \
  -DSTRCODE=2 -DSTRING=2 -DCONST=2 -DENTRY=2 -k \
  C:\Users\HP\AppData\Local\Temp\sfm0.obj ZH-SL-H40.obj 

Object code version is 3.11

Machine type is 16F1938



                Name                               Link     Load   Length Selector   Space Scale
C:\Users\HP\AppData\Local\Temp\sfm0.obj
                end_init                            27D      27D        2        8       0
                reset_vec                             0        0        2        0       0
                config                             8007     8007        2    1000E       0
ZH-SL-H40.obj   cinit                               86D      86D      793     10DA       0
                intentry                              4        4      279        8       0
                eeprom_data                           0     F000       40    1E000       3
                text11_split_3                     1176     1176      68A     22EC       0
                text11_split_2                     3397     3397      20E     672E       0
                text6_split_1                       27F      27F      581        8       0
                text52                             10CD     10CD        5     219A       0
                text35                             21D0     21D0      630     43A0       0
                text24                             10C9     10C9        4     2192       0
                text17                             19A2     19A2      65E     3344       0
                text16                              82E      82E       3F     105C       0
                text15                             1108     1108       15     2210       0
                text12                             35A5     35A5      25B     6B4A       0
                text11                             2988     2988      328     5310       0
                text8                               803      803       2B     1006       0
                text6                              2CB0     2CB0      350     5960       0
                cstackBANK0                          20       20       48       20       1
                cstackCOMMON                         70       70        C       70       1
                cstackBANK1                          A0       A0       20       A0       1
                cstackBANK5                         2E8      2E8        4      2A0       1
                inittext                           10D2     10D2        C     21A4       0
                clrtext                            10DE     10DE        C     21BC       0
                bssBANK8                            420      420       50      420       1
                bssBANK7                            3A0      3A0       50      3A0       1
                bssBANK6                            320      320       1C      320       1
                dataBANK5                           2C8      2C8       20      2A0       1
                bssBANK5                            2A0      2A0       28      2A0       1
                dataBANK4                           254      254       1C      220       1
                bssBANK4                            220      220       34      220       1
                dataBANK3                           1E3      1E3        C      1A0       1
                bssBANK3                            1A0      1A0       43      1A0       1
                dataBANK2                           153      153       1D      120       1
                bssBANK2                            120      120       33      120       1
                dataBANK1                            DD       DD       12       A0       1
                bssBANK1                             C0       C0       1D       A0       1
                bssBANK0                             68       68        4       20       1
                bssCOMMON                            7C       7C        2       70       1
                stringtext                         3800     3800      201       70       0
                idataBANK5                         1156     1156       20     22AC       0
                idataBANK4                         111D     111D       1C     223A       0
                idataBANK3                         10EA     10EA        C     21D4       0
                idataBANK2                         1139     1139       1D     2272       0
                idataBANK1                         10F6     10F6       12     21EC       0

TOTAL           Name                               Link     Load   Length     Space
        CLASS   STACK          

        CLASS   CONST          

        CLASS   CODE           
                end_init                            27D      27D        2         0
                cinit                               86D      86D      793         0
                intentry                              4        4      279         0
                reset_vec                             0        0        2         0
                text11_split_3                     1176     1176      68A         0
                text11_split_2                     3397     3397      20E         0
                text6_split_1                       27F      27F      581         0
                text52                             10CD     10CD        5         0
                text35                             21D0     21D0      630         0
                text24                             10C9     10C9        4         0
                text17                             19A2     19A2      65E         0
                text16                              82E      82E       3F         0
                text15                             1108     1108       15         0
                text12                             35A5     35A5      25B         0
                text11                             2988     2988      328         0
                text8                               803      803       2B         0
                text6                              2CB0     2CB0      350         0
                inittext                           10D2     10D2        C         0
                clrtext                            10DE     10DE        C         0
                idataBANK5                         1156     1156       20         0
                idataBANK4                         111D     111D       1C         0
                idataBANK3                         10EA     10EA        C         0
                idataBANK2                         1139     1139       1D         0
                idataBANK1                         10F6     10F6       12         0

        CLASS   STRCODE        
                stringtext                         3800     3800      201         0

        CLASS   ENTRY          

        CLASS   STRING         

        CLASS   COMMON         
                cstackCOMMON                         70       70        C         1
                bssCOMMON                            7C       7C        2         1

        CLASS   BANK0          
                cstackBANK0                          20       20       48         1
                bssBANK0                             68       68        4         1

        CLASS   BANK1          
                cstackBANK1                          A0       A0       20         1
                dataBANK1                            DD       DD       12         1
                bssBANK1                             C0       C0       1D         1

        CLASS   BANK2          
                dataBANK2                           153      153       1D         1
                bssBANK2                            120      120       33         1

        CLASS   BANK3          
                dataBANK3                           1E3      1E3        C         1
                bssBANK3                            1A0      1A0       43         1

        CLASS   BANK4          
                dataBANK4                           254      254       1C         1
                bssBANK4                            220      220       34         1

        CLASS   BANK5          
                cstackBANK5                         2E8      2E8        4         1
                dataBANK5                           2C8      2C8       20         1
                bssBANK5                            2A0      2A0       28         1

        CLASS   BANK6          
                bssBANK6                            320      320       1C         1

        CLASS   BANK7          
                bssBANK7                            3A0      3A0       50         1

        CLASS   BANK8          
                bssBANK8                            420      420       50         1

        CLASS   BANK9          

        CLASS   BANK10         

        CLASS   BANK11         

        CLASS   BANK12         

        CLASS   BIGRAM         

        CLASS   RAM            

        CLASS   ABS1           
                abs_s1                               7E       7E        2         1
                abs_s1                              5A0      5A0       50         1
                abs_s1                              620      620       30         1
                abs_s1                             2370     2370        0         1

        CLASS   SFR0           

        CLASS   SFR1           

        CLASS   SFR2           

        CLASS   SFR3           

        CLASS   SFR4           

        CLASS   SFR5           

        CLASS   SFR6           

        CLASS   SFR7           

        CLASS   SFR8           

        CLASS   SFR9           

        CLASS   SFR10          

        CLASS   SFR11          

        CLASS   SFR12          

        CLASS   SFR13          

        CLASS   SFR14          

        CLASS   SFR15          

        CLASS   SFR16          

        CLASS   SFR17          

        CLASS   SFR18          

        CLASS   SFR19          

        CLASS   SFR20          

        CLASS   SFR21          

        CLASS   SFR22          

        CLASS   SFR23          

        CLASS   SFR24          

        CLASS   SFR25          

        CLASS   SFR26          

        CLASS   SFR27          

        CLASS   SFR28          

        CLASS   SFR29          

        CLASS   SFR30          

        CLASS   SFR31          

        CLASS   CONFIG         
                config                             8007     8007        2         0

        CLASS   IDLOC          

        CLASS   EEDATA         
                eeprom_data                           0     F000       40         3

        CLASS   BANK31         

        CLASS   BANK30         

        CLASS   BANK29         

        CLASS   BANK28         

        CLASS   BANK27         

        CLASS   BANK26         

        CLASS   BANK25         

        CLASS   BANK24         

        CLASS   BANK23         

        CLASS   BANK22         

        CLASS   BANK21         

        CLASS   BANK20         

        CLASS   BANK19         

        CLASS   BANK18         

        CLASS   BANK17         

        CLASS   BANK16         

        CLASS   BANK15         

        CLASS   BANK14         

        CLASS   BANK13         



SEGMENTS        Name                           Load    Length   Top    Selector   Space  Class     Delta

                reset_vec                      000000  000002  000002         0       0  CODE        2
                intentry                       000004  0007FC  000800         8       0  CODE        2
                cstackBANK0                    000020  00004C  00006C        20       1  BANK0       1
                cstackCOMMON                   000070  00000E  00007E        70       1  COMMON      1
                cstackBANK1                    0000A0  00004F  0000EF        A0       1  BANK1       1
                bssBANK2                       000120  000050  000170       120       1  BANK2       1
                bssBANK3                       0001A0  00004F  0001EF       1A0       1  BANK3       1
                bssBANK4                       000220  000050  000270       220       1  BANK4       1
                bssBANK5                       0002A0  00004C  0002EC       2A0       1  BANK5       1
                bssBANK6                       000320  00001C  00033C       320       1  BANK6       1
                bssBANK7                       0003A0  000050  0003F0       3A0       1  BANK7       1
                bssBANK8                       000420  000050  000470       420       1  BANK8       1
                text8                          000803  00002B  00082E      1006       0  CODE        2
                text16                         00082E  00003F  00086D      105C       0  CODE        2
                cinit                          00086D  000793  001000      10DA       0  CODE        2
                text24                         0010C9  000004  0010CD      2192       0  CODE        2
                text52                         0010CD  000005  0010D2      219A       0  CODE        2
                inittext                       0010D2  00000C  0010DE      21A4       0  CODE        2
                clrtext                        0010DE  00000C  0010EA      21BC       0  CODE        2
                idataBANK3                     0010EA  00000C  0010F6      21D4       0  CODE        2
                idataBANK1                     0010F6  000012  001108      21EC       0  CODE        2
                text15                         001108  000015  00111D      2210       0  CODE        2
                idataBANK4                     00111D  00001C  001139      223A       0  CODE        2
                idataBANK2                     001139  00001D  001156      2272       0  CODE        2
                idataBANK5                     001156  000020  001176      22AC       0  CODE        2
                text11_split_3                 001176  00068A  001800      22EC       0  CODE        2
                text17                         0019A2  00065E  002000      3344       0  CODE        2
                text35                         0021D0  000630  002800      43A0       0  CODE        2
                text11                         002988  000328  002CB0      5310       0  CODE        2
                text6                          002CB0  000350  003000      5960       0  CODE        2
                text11_split_2                 003397  00020E  0035A5      672E       0  CODE        2
                text12                         0035A5  00025B  003800      6B4A       0  CODE        2
                stringtext                     003800  000201  003A01        70       0  STRCODE     2
                config                         008007  000002  008009     1000E       0  CONFIG      2
                eeprom_data                    00F000  000040  00F040     1E000       3  EEDATA      2


UNUSED ADDRESS RANGES

        Name                Unused          Largest block    Delta
        BANK0            00006C-00006F                4           1
        BANK1            0000EF-0000EF                1           1
        BANK10           000520-00056F               50           1
        BANK3            0001EF-0001EF                1           1
        BANK5            0002EC-0002EF                4           1
        BANK6            00033C-00036F               34           1
        BANK9            0004A0-0004EF               50           1
        BIGRAM           002000-0023EF              3F0           1
        CODE             000002-000003                2           2
                         000800-000802                3
                         001000-0010C8               C9
                         001800-0019A1              1A2
                         002000-0021CF              1D0
                         002800-002987              188
                         003000-003396              397
                         003A01-003FFF              5FF
        CONST            000002-000003                2           2
                         000800-000802                3
                         001000-0010C8               C9
                         001800-0019A1              100
                         002000-0021CF              100
                         002800-002987              100
                         003000-003396              100
                         003A01-003FFF              100
        EEDATA           00F040-00F0FF               C0           2
        ENTRY            000002-000003                2           2
                         000800-000802                3
                         001000-0010C8               C9
                         001800-0019A1              100
                         002000-0021CF              100
                         002800-002987              100
                         003000-003396              100
                         003A01-003FFF              100
        IDLOC            008000-008003                4           2
        RAM              00006C-00006F                4           1
                         0000EF-0000EF                1
                         0001EF-0001EF                1
                         0002EC-0002EF                4
                         00033C-00036F               34
                         0004A0-0004EF               50
                         000520-00056F               50
        SFR0             000000-00001F               20           1
        SFR1             000080-00009F               20           1
        SFR10            000500-00051F               20           1
        SFR11            000580-00059F               20           1
        SFR12            000600-00061F               20           1
        SFR13            000680-0006EF               70           1
        SFR14            000700-00076F               70           1
        SFR15            000780-0007EF               70           1
        SFR16            000800-00086F               70           1
        SFR17            000880-0008EF               70           1
        SFR18            000900-00096F               70           1
        SFR19            000980-0009EF               70           1
        SFR2             000100-00011F               20           1
        SFR20            000A00-000A6F               70           1
        SFR21            000A80-000AEF               70           1
        SFR22            000B00-000B6F               70           1
        SFR23            000B80-000BEF               70           1
        SFR24            000C00-000C6F               70           1
        SFR25            000C80-000CEF               70           1
        SFR26            000D00-000D6F               70           1
        SFR27            000D80-000DEF               70           1
        SFR28            000E00-000E6F               70           1
        SFR29            000E80-000EEF               70           1
        SFR3             000180-00019F               20           1
        SFR30            000F00-000F6F               70           1
        SFR31            000F80-000FEF               70           1
        SFR4             000200-00021F               20           1
        SFR5             000280-00029F               20           1
        SFR6             000300-00031F               20           1
        SFR7             000380-00039F               20           1
        SFR8             000400-00041F               20           1
        SFR9             000480-00049F               20           1
        STACK            0022D0-00236F               A0           1
        STRCODE          000002-000003                2           2
                         000800-000802                3
                         001000-0010C8               C9
                         001800-0019A1              1A2
                         002000-0021CF              1D0
                         002800-002987              188
                         003000-003396              397
                         003A01-003FFF              5FF
        STRING           000002-000003                2           2
                         000800-000802                3
                         001000-0010C8               C9
                         001800-0019A1              100
                         002000-0021CF              100
                         002800-002987              100
                         003000-003396              100
                         003A01-003FFF              100

                                  Symbol Table

?___awtofl                    cstackBANK0  00002D
?___fladd                     cstackBANK0  000047
?___fldiv                     cstackBANK0  000047
?___flmul                     cstackBANK0  000034
?___flpack                    cstackBANK0  000023
?___flsub                     cstackBANK0  000056
?___fltol                     cstackBANK0  00005A
?___lbtofl                    cstackBANK0  00002D
?___lldiv                     cstackBANK0  000023
?___lmul                      cstackBANK0  000023
?___lwdiv                     cstackBANK0  000029
?___lwtofl                    cstackBANK0  000030
?___wmul                      cstackBANK0  000023
?_crc16                       cstackBANK0  000023
?_pid_calc                    cstackBANK1  0000A0
?_start_ad_convert            cstackBANK0  000030
Key_Menu@code                 cstackBANK0  000066
Key_Menu@key_value            cstackBANK1  0000A0
PL10                          text12       003742
PL100                         text11_split_2 0034B0
PL102                         text6_split_1 00070D
PL104                         cinit        000E3F
PL106                         text11_split_2 0034BE
PL108                         text11_split_2 0034C6
PL110                         text17       001F4D
PL112                         text35       0027CF
PL114                         text6_split_1 000713
PL116                         text6_split_1 000724
PL118                         text11_split_2 0034CE
PL12                          text17       001EF4
PL120                         text6_split_1 000735
PL122                         text6_split_1 000746
PL124                         text6_split_1 000757
PL126                         text6_split_1 000768
PL128                         text6_split_1 000779
PL130                         text11_split_2 0034DF
PL132                         text11_split_2 0034F0
PL134                         text11_split_2 003501
PL136                         text11_split_2 003511
PL138                         text17       001F53
PL14                          text6_split_1 0006AF
PL140                         text17       001F63
PL142                         text11_split_2 003521
PL144                         text6_split_1 00078A
PL146                         text6_split_1 000790
PL148                         text17       001F6D
PL150                         text6_split_1 000796
PL152                         text6_split_1 00079C
PL154                         text6_split_1 0007A2
PL156                         text6_split_1 0007A8
PL158                         text6_split_1 0007AE
PL16                          text35       002775
PL160                         text17       001F75
PL162                         text6_split_1 0007B4
PL164                         text6_split_1 0007BB
PL166                         cinit        000E45
PL168                         text11_split_2 003530
PL170                         text12       0037F3
PL172                         text6_split_1 0007C8
PL174                         cinit        000E4B
PL176                         text6_split_1 0007CF
PL178                         text17       001F7D
PL18                          text11_split_2 0033B3
PL180                         text11_split_2 003539
PL182                         cinit        000E50
PL184                         text17       001F85
PL186                         text17       001F8F
PL188                         text17       001F99
PL190                         text35       0027E0
PL192                         text11_split_2 003544
PL194                         text6_split_1 0007DB
PL196                         text17       001FA3
PL198                         text17       001FAC
PL2                           text35       0026BC
PL20                          text11_split_2 0033BC
PL200                         text6_split_1 0007E2
PL202                         cinit        000E5B
PL204                         cinit        000E61
PL206                         cinit        000EBB
PL208                         text11_split_2 00354B
PL210                         text11_split_2 003554
PL212                         text11_split_2 00355D
PL214                         text11_split_2 003566
PL216                         text11_split_2 00356F
PL218                         text11_split_2 003576
PL22                          cinit        000DE4
PL220                         text35       0027E6
PL222                         text17       001FB5
PL224                         text6_split_1 0007EB
PL226                         text11_split_2 00357E
PL228                         text17       001FBB
PL230                         text17       001FC1
PL232                         text17       001FC7
PL234                         text6_split_1 0007F1
PL236                         text17       001FCD
PL238                         text11_split_2 003584
PL24                          cinit        000E00
PL240                         cinit        000E66
PL242                         text11_split_2 00358B
PL244                         text17       001FD2
PL246                         text17       001FD8
PL248                         text6_split_1 0007F8
PL250                         text17       001FDE
PL252                         text11_split_2 003591
PL254                         cinit        000FE3
PL256                         text35       0027EE
PL258                         cinit        000EE7
PL26                          text11_split_2 0033C5
PL260                         text35       0027F3
PL262                         text11_split_2 003596
PL264                         text35       0027F8
PL266                         cinit        000E6B
PL268                         text11_split_2 00359B
PL270                         cinit        000E70
PL272                         text35       0027FC
PL274                         text11_split_2 0035A0
PL28                          text12       0037BA
PL30                          text35       002789
PL32                          text6_split_1 0006C6
PL34                          text6_split_1 0006CF
PL36                          text6_split_1 0006D8
PL38                          text12       0037C4
PL4                           text11_split_2 003397
PL40                          text35       002791
PL42                          text12       0037C8
PL44                          text17       001F04
PL46                          text35       0027A9
PL48                          cinit        000E10
PL50                          text17       001F15
PL52                          text17       001F24
PL54                          text11_split_2 0033D2
PL56                          text6_split_1 0006E1
PL58                          text11_split_2 0033DC
PL6                           text35       0026FC
PL60                          text11_split_2 0033FB
PL62                          text17       001F37
PL64                          cinit        000E25
PL66                          text11_split_2 003402
PL68                          text6_split_1 0006EA
PL70                          text35       0027BF
PL72                          text11_split_2 00340A
PL74                          text11_split_2 003423
PL76                          text11_split_2 00343B
PL78                          text6_split_1 0006F5
PL8                           text17       001EE1
PL80                          text17       001F48
PL82                          text11_split_2 003453
PL84                          text6_split_1 000704
PL86                          text11_split_2 00345C
PL88                          cinit        000E36
PL90                          text11_split_2 003471
PL92                          text11_split_2 003480
PL94                          text11_split_2 003486
PL96                          text11_split_2 003494
PL98                          text11_split_2 0034A2
Set_Bost_Pwm_Duty@dduty       cstackBANK0  000023
Set_Buck_Pwm_Duty@duty        cstackBANK0  000023
_ADCON0bits                   (abs)        00009D
_ADCON1bits                   (abs)        00009E
_ADRESH                       (abs)        00009C
_ADRESL                       (abs)        00009B
_ANSA0                        (abs)        000C60
_ANSA1                        (abs)        000C61
_ANSA2                        (abs)        000C62
_ANSA3                        (abs)        000C63
_ANSA5                        (abs)        000C65
_ANSB0                        (abs)        000C68
_ANSB1                        (abs)        000C69
_ANSB3                        (abs)        000C6B
_ANSELA                       (abs)        00018C
_ANSELB                       (abs)        00018D
_APFCONbits                   (abs)        00011D
_Adjust_Pout_Flag             bssBANK1     0000D2
_BAUDCON                      (abs)        00019F
_C1IE                         (abs)        000495
_C1IF                         (abs)        000095
_CARRY                        (abs)        000018
_CCP1CONbits                  (abs)        000293
_CCP3CONbits                  (abs)        000313
_CCP5CONbits                  (abs)        00031E
_CCPR1L                       (abs)        000291
_CCPR3L                       (abs)        000311
_CCPR5L                       (abs)        00031C
_CCPTMRS0bits                 (abs)        00029E
_CCPTMRS1bits                 (abs)        00029F
_CM1CON0bits                  (abs)        000111
_CM1CON1bits                  (abs)        000112
_CRCHi                        stringtext   003801
_CRCLo                        stringtext   003901
_Disable_Bost_Pwm             cinit        000B62
_Disable_Buck_Pwm             cinit        000DA1
_EEADR                        (abs)        000191
_EECON1                       (abs)        000195
_EECON2                       (abs)        000196
_EEDATA                       (abs)        000193
_Enable_Bost_Pwm              cinit        000DD2
_Enable_Buck_Pwm              text24       0010C9
_FVRCONbits                   (abs)        000117
_GIE                          (abs)        00005F
_IOCBF4                       (abs)        001CB4
_IOCBF7                       (abs)        001CB7
_IOCBFbits                    (abs)        000396
_IOCBNbits                    (abs)        000395
_IOCIE                        (abs)        00005B
_IOCIF                        (abs)        000058
_I_prev                       bssBANK3     0001A4
_Init_Ird                     cinit        000EFC
_KEY_STATE                    bssBANK2     000126
_KEY_VALUE                    dataBANK1    0000EB
_Key_Menu                     cinit        000A8A
_LATAbits                     (abs)        00010C
_LATCbits                     (abs)        00010E
_Load_Pmax                    dataBANK5    0002C8
_Mppt_Charge                  text17       0019A2
_OPTION_REGbits               (abs)        000095
_OSCCON                       (abs)        000099
_PEIE                         (abs)        00005E
_PID_CC_charge                bssBANK6     000320
_PID_CC_discharge             bssBANK3     0001C7
_PID_CV_charge                bssBANK5     0002AC
_PIE1bits                     (abs)        000091
_PIE2bits                     (abs)        000092
_PIR1bits                     (abs)        000011
_PIR2bits                     (abs)        000012
_PORTBbits                    (abs)        00000D
_PORTCbits                    (abs)        00000E
_PR2                          (abs)        00001B
_PR4                          (abs)        000416
_PR6                          (abs)        00041D
_PSA                          (abs)        0004AB
_PWM                          bssBANK1     0000C0
_PWM_I                        bssBANK5     0002A0
_RC1                          (abs)        000071
_RCIE                         (abs)        00048D
_RCIF                         (abs)        00008D
_RCREG                        (abs)        000199
_RCSTA                        (abs)        00019D
_RCSTAbits                    (abs)        00019D
_RD                           (abs)        000CA8
_SP1BRGH                      (abs)        00019C
_SP1BRGL                      (abs)        00019B
_Set_Bost_Pwm_Duty            cinit        000D6C
_Set_Buck_Pwm_Duty            cinit        000DA7
_T1CON                        (abs)        000018
_T1GCONbits                   (abs)        000019
_T2CONbits                    (abs)        00001C
_T4CONbits                    (abs)        000417
_T6CONbits                    (abs)        00041E
_TMR0                         (abs)        000015
_TMR0CS                       (abs)        0004AD
_TMR0IE                       (abs)        00005D
_TMR0IF                       (abs)        00005A
_TMR1H                        (abs)        000017
_TMR1IE                       (abs)        000488
_TMR1IF                       (abs)        000088
_TMR1L                        (abs)        000016
_TMR1ON                       (abs)        0000C0
_TMR2IF                       (abs)        000089
_TMR2ON                       (abs)        0000E2
_TMR4IF                       (abs)        000099
_TMR4ON                       (abs)        0020BA
_TMR6IF                       (abs)        00009B
_TMR6ON                       (abs)        0020F2
_TRISAbits                    (abs)        00008C
_TRISBbits                    (abs)        00008D
_TRISCbits                    (abs)        00008E
_TXIE                         (abs)        00048C
_TXIF                         (abs)        00008C
_TXREG                        (abs)        00019A
_TXSTA                        (abs)        00019E
_TXSTAbits                    (abs)        00019E
_WDTCONbits                   (abs)        000097
_WR                           (abs)        000CA9
_WREN                         (abs)        000CAA
__Babs1                       abs1         01E080
__Bbank0                      bank0        01E080
__Bbank1                      bank1        01E080
__Bbank10                     bank10       01E080
__Bbank11                     bank11       01E080
__Bbank12                     bank12       01E080
__Bbank13                     bank13       01E080
__Bbank14                     bank14       01E080
__Bbank15                     bank15       01E080
__Bbank16                     bank16       01E080
__Bbank17                     bank17       01E080
__Bbank18                     bank18       01E080
__Bbank19                     bank19       01E080
__Bbank2                      bank2        01E080
__Bbank20                     bank20       01E080
__Bbank21                     bank21       01E080
__Bbank22                     bank22       01E080
__Bbank23                     bank23       01E080
__Bbank24                     bank24       01E080
__Bbank25                     bank25       01E080
__Bbank26                     bank26       01E080
__Bbank27                     bank27       01E080
__Bbank28                     bank28       01E080
__Bbank29                     bank29       01E080
__Bbank3                      bank3        01E080
__Bbank30                     bank30       01E080
__Bbank31                     bank31       01E080
__Bbank4                      bank4        01E080
__Bbank5                      bank5        01E080
__Bbank6                      bank6        01E080
__Bbank7                      bank7        01E080
__Bbank8                      bank8        01E080
__Bbank9                      bank9        01E080
__Bbigram                     bigram       01E080
__BbssBANK0                   bssBANK0     01E080
__BbssBANK1                   bssBANK1     01E080
__BbssBANK2                   bssBANK2     01E080
__BbssBANK3                   bssBANK3     01E080
__BbssBANK4                   bssBANK4     01E080
__BbssBANK5                   bssBANK5     01E080
__BbssBANK6                   bssBANK6     01E080
__BbssBANK7                   bssBANK7     01E080
__BbssBANK8                   bssBANK8     01E080
__BbssCOMMON                  bssCOMMON    01E080
__Bclrtext                    clrtext      01E080
__Bcode                       code         01E080
__Bcommon                     common       01E080
__BcstackBANK0                cstackBANK0  01E080
__BcstackBANK1                cstackBANK1  01E080
__BcstackBANK5                cstackBANK5  01E080
__BcstackCOMMON               cstackCOMMON 01E080
__BdataBANK1                  dataBANK1    01E080
__BdataBANK2                  dataBANK2    01E080
__BdataBANK3                  dataBANK3    01E080
__BdataBANK4                  dataBANK4    01E080
__BdataBANK5                  dataBANK5    01E080
__Beeprom_data                eeprom_data  00F000
__BidataBANK1                 idataBANK1   01E080
__BidataBANK2                 idataBANK2   01E080
__BidataBANK3                 idataBANK3   01E080
__BidataBANK4                 idataBANK4   01E080
__BidataBANK5                 idataBANK5   01E080
__Binittext                   inittext     01E080
__Bmaintext                   maintext     01E080
__Bpa_nodes                   pa_nodes     01E080
__Bram                        ram          01E080
__Bsfr0                       sfr0         01E080
__Bsfr1                       sfr1         01E080
__Bsfr10                      sfr10        01E080
__Bsfr11                      sfr11        01E080
__Bsfr12                      sfr12        01E080
__Bsfr13                      sfr13        01E080
__Bsfr14                      sfr14        01E080
__Bsfr15                      sfr15        01E080
__Bsfr16                      sfr16        01E080
__Bsfr17                      sfr17        01E080
__Bsfr18                      sfr18        01E080
__Bsfr19                      sfr19        01E080
__Bsfr2                       sfr2         01E080
__Bsfr20                      sfr20        01E080
__Bsfr21                      sfr21        01E080
__Bsfr22                      sfr22        01E080
__Bsfr23                      sfr23        01E080
__Bsfr24                      sfr24        01E080
__Bsfr25                      sfr25        01E080
__Bsfr26                      sfr26        01E080
__Bsfr27                      sfr27        01E080
__Bsfr28                      sfr28        01E080
__Bsfr29                      sfr29        01E080
__Bsfr3                       sfr3         01E080
__Bsfr30                      sfr30        01E080
__Bsfr31                      sfr31        01E080
__Bsfr4                       sfr4         01E080
__Bsfr5                       sfr5         01E080
__Bsfr6                       sfr6         01E080
__Bsfr7                       sfr7         01E080
__Bsfr8                       sfr8         01E080
__Bsfr9                       sfr9         01E080
__Bstrings                    strings      01E080
__Bstringtext                 stringtext   01E080
__Btext                       text         01E080
__CFG_BOREN$ON                (abs)        000000
__CFG_BORV$LO                 (abs)        000000
__CFG_CLKOUTEN$OFF            (abs)        000000
__CFG_CP$OFF                  (abs)        000000
__CFG_CPD$OFF                 (abs)        000000
__CFG_FCMEN$OFF               (abs)        000000
__CFG_FOSC$INTOSC             (abs)        000000
__CFG_IESO$OFF                (abs)        000000
__CFG_LVP$ON                  (abs)        000000
__CFG_MCLRE$ON                (abs)        000000
__CFG_PLLEN$ON                (abs)        000000
__CFG_PWRTE$OFF               (abs)        000000
__CFG_STVREN$ON               (abs)        000000
__CFG_VCAPEN$OFF              (abs)        000000
__CFG_WDTE$NSLEEP             (abs)        000000
__CFG_WRT$OFF                 (abs)        000000
__Habs1                       abs1         000080
__Hbank0                      bank0        000080
__Hbank1                      bank1        000080
__Hbank10                     bank10       000080
__Hbank11                     bank11       000080
__Hbank12                     bank12       000080
__Hbank13                     bank13       000080
__Hbank14                     bank14       000080
__Hbank15                     bank15       000080
__Hbank16                     bank16       000080
__Hbank17                     bank17       000080
__Hbank18                     bank18       000080
__Hbank19                     bank19       000080
__Hbank2                      bank2        000080
__Hbank20                     bank20       000080
__Hbank21                     bank21       000080
__Hbank22                     bank22       000080
__Hbank23                     bank23       000080
__Hbank24                     bank24       000080
__Hbank25                     bank25       000080
__Hbank26                     bank26       000080
__Hbank27                     bank27       000080
__Hbank28                     bank28       000080
__Hbank29                     bank29       000080
__Hbank3                      bank3        000080
__Hbank30                     bank30       000080
__Hbank31                     bank31       000080
__Hbank4                      bank4        000080
__Hbank5                      bank5        000080
__Hbank6                      bank6        000080
__Hbank7                      bank7        000080
__Hbank8                      bank8        000080
__Hbank9                      bank9        000080
__Hbigram                     bigram       000080
__HbssBANK0                   bssBANK0     000080
__HbssBANK1                   bssBANK1     000080
__HbssBANK2                   bssBANK2     000080
__HbssBANK3                   bssBANK3     000080
__HbssBANK4                   bssBANK4     000080
__HbssBANK5                   bssBANK5     000080
__HbssBANK6                   bssBANK6     000080
__HbssBANK7                   bssBANK7     000080
__HbssBANK8                   bssBANK8     000080
__HbssCOMMON                  bssCOMMON    000080
__Hcinit                      cinit        001000
__Hclrtext                    clrtext      000080
__Hcode                       code         000080
__Hcommon                     common       000080
__Hconfig                     config       008009
__HcstackBANK0                cstackBANK0  000080
__HcstackBANK1                cstackBANK1  000080
__HcstackBANK5                cstackBANK5  000080
__HcstackCOMMON               cstackCOMMON 000080
__HdataBANK1                  dataBANK1    000080
__HdataBANK2                  dataBANK2    000080
__HdataBANK3                  dataBANK3    000080
__HdataBANK4                  dataBANK4    000080
__HdataBANK5                  dataBANK5    000080
__Heeprom_data                eeprom_data  000040
__Hend_init                   end_init     00027F
__Hfunctab                    functab      000000
__HidataBANK1                 idataBANK1   000080
__HidataBANK2                 idataBANK2   000080
__HidataBANK3                 idataBANK3   000080
__HidataBANK4                 idataBANK4   000080
__HidataBANK5                 idataBANK5   000080
__Hidloc                      idloc        000000
__Hinit                       init         00027D
__Hinittext                   inittext     000080
__Hintentry                   intentry     00027D
__Hmaintext                   maintext     000080
__Hpa_nodes                   pa_nodes     000080
__Hpowerup                    powerup      000000
__Hram                        ram          000080
__Hreset_vec                  reset_vec    000002
__Hsfr0                       sfr0         000080
__Hsfr1                       sfr1         000080
__Hsfr10                      sfr10        000080
__Hsfr11                      sfr11        000080
__Hsfr12                      sfr12        000080
__Hsfr13                      sfr13        000080
__Hsfr14                      sfr14        000080
__Hsfr15                      sfr15        000080
__Hsfr16                      sfr16        000080
__Hsfr17                      sfr17        000080
__Hsfr18                      sfr18        000080
__Hsfr19                      sfr19        000080
__Hsfr2                       sfr2         000080
__Hsfr20                      sfr20        000080
__Hsfr21                      sfr21        000080
__Hsfr22                      sfr22        000080
__Hsfr23                      sfr23        000080
__Hsfr24                      sfr24        000080
__Hsfr25                      sfr25        000080
__Hsfr26                      sfr26        000080
__Hsfr27                      sfr27        000080
__Hsfr28                      sfr28        000080
__Hsfr29                      sfr29        000080
__Hsfr3                       sfr3         000080
__Hsfr30                      sfr30        000080
__Hsfr31                      sfr31        000080
__Hsfr4                       sfr4         000080
__Hsfr5                       sfr5         000080
__Hsfr6                       sfr6         000080
__Hsfr7                       sfr7         000080
__Hsfr8                       sfr8         000080
__Hsfr9                       sfr9         000080
__Hstack                      stack        000000
__Hstrings                    strings      000080
__Hstringtext                 stringtext   000080
__Htext                       text         000080
__Labs1                       abs1         000080
__Lbank0                      bank0        000080
__Lbank1                      bank1        000080
__Lbank10                     bank10       000080
__Lbank11                     bank11       000080
__Lbank12                     bank12       000080
__Lbank13                     bank13       000080
__Lbank14                     bank14       000080
__Lbank15                     bank15       000080
__Lbank16                     bank16       000080
__Lbank17                     bank17       000080
__Lbank18                     bank18       000080
__Lbank19                     bank19       000080
__Lbank2                      bank2        000080
__Lbank20                     bank20       000080
__Lbank21                     bank21       000080
__Lbank22                     bank22       000080
__Lbank23                     bank23       000080
__Lbank24                     bank24       000080
__Lbank25                     bank25       000080
__Lbank26                     bank26       000080
__Lbank27                     bank27       000080
__Lbank28                     bank28       000080
__Lbank29                     bank29       000080
__Lbank3                      bank3        000080
__Lbank30                     bank30       000080
__Lbank31                     bank31       000080
__Lbank4                      bank4        000080
__Lbank5                      bank5        000080
__Lbank6                      bank6        000080
__Lbank7                      bank7        000080
__Lbank8                      bank8        000080
__Lbank9                      bank9        000080
__Lbigram                     bigram       000080
__LbssBANK0                   bssBANK0     000080
__LbssBANK1                   bssBANK1     000080
__LbssBANK2                   bssBANK2     000080
__LbssBANK3                   bssBANK3     000080
__LbssBANK4                   bssBANK4     000080
__LbssBANK5                   bssBANK5     000080
__LbssBANK6                   bssBANK6     000080
__LbssBANK7                   bssBANK7     000080
__LbssBANK8                   bssBANK8     000080
__LbssCOMMON                  bssCOMMON    000080
__Lcinit                      cinit        00086D
__Lclrtext                    clrtext      000080
__Lcode                       code         000080
__Lcommon                     common       000080
__Lconfig                     config       008007
__LcstackBANK0                cstackBANK0  000080
__LcstackBANK1                cstackBANK1  000080
__LcstackBANK5                cstackBANK5  000080
__LcstackCOMMON               cstackCOMMON 000080
__LdataBANK1                  dataBANK1    000080
__LdataBANK2                  dataBANK2    000080
__LdataBANK3                  dataBANK3    000080
__LdataBANK4                  dataBANK4    000080
__LdataBANK5                  dataBANK5    000080
__Leeprom_data                eeprom_data  000000
__Lend_init                   end_init     00027D
__Lfunctab                    functab      000000
__LidataBANK1                 idataBANK1   000080
__LidataBANK2                 idataBANK2   000080
__LidataBANK3                 idataBANK3   000080
__LidataBANK4                 idataBANK4   000080
__LidataBANK5                 idataBANK5   000080
__Lidloc                      idloc        000000
__Linit                       init         00027D
__Linittext                   inittext     000080
__Lintentry                   intentry     000004
__Lmaintext                   maintext     000080
__Lpa_nodes                   pa_nodes     000080
__Lpowerup                    powerup      000000
__Lram                        ram          000080
__Lreset_vec                  reset_vec    000000
__Lsfr0                       sfr0         000080
__Lsfr1                       sfr1         000080
__Lsfr10                      sfr10        000080
__Lsfr11                      sfr11        000080
__Lsfr12                      sfr12        000080
__Lsfr13                      sfr13        000080
__Lsfr14                      sfr14        000080
__Lsfr15                      sfr15        000080
__Lsfr16                      sfr16        000080
__Lsfr17                      sfr17        000080
__Lsfr18                      sfr18        000080
__Lsfr19                      sfr19        000080
__Lsfr2                       sfr2         000080
__Lsfr20                      sfr20        000080
__Lsfr21                      sfr21        000080
__Lsfr22                      sfr22        000080
__Lsfr23                      sfr23        000080
__Lsfr24                      sfr24        000080
__Lsfr25                      sfr25        000080
__Lsfr26                      sfr26        000080
__Lsfr27                      sfr27        000080
__Lsfr28                      sfr28        000080
__Lsfr29                      sfr29        000080
__Lsfr3                       sfr3         000080
__Lsfr30                      sfr30        000080
__Lsfr31                      sfr31        000080
__Lsfr4                       sfr4         000080
__Lsfr5                       sfr5         000080
__Lsfr6                       sfr6         000080
__Lsfr7                       sfr7         000080
__Lsfr8                       sfr8         000080
__Lsfr9                       sfr9         000080
__Lstack                      stack        000000
__Lstrings                    strings      000080
__Lstringtext                 stringtext   000080
__Ltext                       text         000080
__S0                          (abs)        008009
__S1                          (abs)        000470
__S2                          (abs)        000000
__S3                          (abs)        00F040
___awtofl                     text35       002667
___awtofl@c                   cstackBANK0  00002D
___awtofl@sign                cstackBANK0  000031
___fladd                      text17       001E1A
___fladd@exp1                 cstackBANK0  000055
___fladd@exp2                 cstackBANK0  000054
___fladd@f1                   cstackBANK0  000047
___fladd@f2                   cstackBANK0  00004B
___fladd@sign                 cstackBANK0  000053
___fldiv                      text35       002291
___fldiv@cntr                 cstackBANK0  000057
___fldiv@exp                  cstackBANK0  000058
___fldiv@f1                   cstackBANK0  00004B
___fldiv@f2                   cstackBANK0  000047
___fldiv@f3                   cstackBANK0  000053
___fldiv@sign                 cstackBANK0  000059
___flge                       text17       001DDA
___flge@ff1                   cstackBANK0  00005A
___flge@ff2                   cstackBANK0  00005E
___flmul                      text35       0022FC
___flmul@cntr                 cstackBANK0  000045
___flmul@exp                  cstackBANK0  000040
___flmul@f1                   cstackBANK0  000034
___flmul@f2                   cstackBANK0  000038
___flmul@f3_as_product        cstackBANK0  000041
___flmul@sign                 cstackBANK0  000046
___flpack                     text35       00236A
___flpack@arg                 cstackBANK0  000023
___flpack@exp                 cstackBANK0  000027
___flpack@sign                cstackBANK0  000028
___flsub                      text17       001FE4
___flsub@f1                   cstackBANK0  00005A
___flsub@f2                   cstackBANK0  000056
___fltol                      cinit        000E74
___fltol@exp1                 cstackBANK0  000063
___fltol@f1                   cstackBANK0  00005A
___fltol@sign1                cstackBANK0  000062
___int_sp                     stack        000000
___latbits                    (abs)        000003
___lbtofl                     text35       002684
___lbtofl@c                   cstackBANK0  000032
___lldiv                      text16       00082E
___lldiv@counter              cstackBANK0  00002F
___lldiv@dividend             cstackBANK0  000027
___lldiv@divisor              cstackBANK0  000023
___lldiv@quotient             cstackBANK0  00002B
___lmul                       text35       002697
___lmul@multiplicand          cstackBANK0  000027
___lmul@multiplier            cstackBANK0  000023
___lmul@product               cstackBANK0  00002B
___lwdiv                      text12       00371D
___lwdiv@counter              cstackBANK0  00002D
___lwdiv@dividend             cstackBANK0  00002B
___lwdiv@divisor              cstackBANK0  000029
___lwdiv@quotient             cstackBANK0  00002E
___lwtofl                     text17       001B1C
___lwtofl@c                   cstackBANK0  000030
___sp                         stack        000000
___wmul                       text15       001108
___wmul@multiplicand          cstackBANK0  000025
___wmul@multiplier            cstackBANK0  000023
___wmul@product               cstackBANK0  000027
__end_ofPL10                  text12       0037BA
__end_ofPL100                 text11_split_2 0034BE
__end_ofPL102                 text6_split_1 000713
__end_ofPL104                 cinit        000E45
__end_ofPL106                 text11_split_2 0034C6
__end_ofPL108                 text11_split_2 0034CE
__end_ofPL110                 text17       001F53
__end_ofPL112                 text35       0027E0
__end_ofPL114                 text6_split_1 000724
__end_ofPL116                 text6_split_1 000735
__end_ofPL118                 text11_split_2 0034DF
__end_ofPL12                  text17       001F04
__end_ofPL120                 text6_split_1 000746
__end_ofPL122                 text6_split_1 000757
__end_ofPL124                 text6_split_1 000768
__end_ofPL126                 text6_split_1 000779
__end_ofPL128                 text6_split_1 00078A
__end_ofPL130                 text11_split_2 0034F0
__end_ofPL132                 text11_split_2 003501
__end_ofPL134                 text11_split_2 003511
__end_ofPL136                 text11_split_2 003521
__end_ofPL138                 text17       001F63
__end_ofPL14                  text6_split_1 0006C6
__end_ofPL140                 text17       001F6D
__end_ofPL142                 text11_split_2 003530
__end_ofPL144                 text6_split_1 000790
__end_ofPL146                 text6_split_1 000796
__end_ofPL148                 text17       001F75
__end_ofPL150                 text6_split_1 00079C
__end_ofPL152                 text6_split_1 0007A2
__end_ofPL154                 text6_split_1 0007A8
__end_ofPL156                 text6_split_1 0007AE
__end_ofPL158                 text6_split_1 0007B4
__end_ofPL16                  text35       002789
__end_ofPL160                 text17       001F7D
__end_ofPL162                 text6_split_1 0007BB
__end_ofPL164                 text6_split_1 0007C8
__end_ofPL166                 cinit        000E4B
__end_ofPL168                 text11_split_2 003539
__end_ofPL170                 text12       003800
__end_ofPL172                 text6_split_1 0007CF
__end_ofPL174                 cinit        000E50
__end_ofPL176                 text6_split_1 0007DB
__end_ofPL178                 text17       001F85
__end_ofPL18                  text11_split_2 0033BC
__end_ofPL180                 text11_split_2 003544
__end_ofPL182                 cinit        000E5B
__end_ofPL184                 text17       001F8F
__end_ofPL186                 text17       001F99
__end_ofPL188                 text17       001FA3
__end_ofPL190                 text35       0027E6
__end_ofPL192                 text11_split_2 00354B
__end_ofPL194                 text6_split_1 0007E2
__end_ofPL196                 text17       001FAC
__end_ofPL198                 text17       001FB5
__end_ofPL2                   text35       0026FC
__end_ofPL20                  text11_split_2 0033C5
__end_ofPL200                 text6_split_1 0007EB
__end_ofPL202                 cinit        000E61
__end_ofPL204                 cinit        000E66
__end_ofPL206                 cinit        000EC4
__end_ofPL208                 text11_split_2 003554
__end_ofPL210                 text11_split_2 00355D
__end_ofPL212                 text11_split_2 003566
__end_ofPL214                 text11_split_2 00356F
__end_ofPL216                 text11_split_2 003576
__end_ofPL218                 text11_split_2 00357E
__end_ofPL22                  cinit        000E00
__end_ofPL220                 text35       0027EE
__end_ofPL222                 text17       001FBB
__end_ofPL224                 text6_split_1 0007F1
__end_ofPL226                 text11_split_2 003584
__end_ofPL228                 text17       001FC1
__end_ofPL230                 text17       001FC7
__end_ofPL232                 text17       001FCD
__end_ofPL234                 text6_split_1 0007F8
__end_ofPL236                 text17       001FD2
__end_ofPL238                 text11_split_2 00358B
__end_ofPL24                  cinit        000E10
__end_ofPL240                 cinit        000E6B
__end_ofPL242                 text11_split_2 003591
__end_ofPL244                 text17       001FD8
__end_ofPL246                 text17       001FDE
__end_ofPL248                 text6_split_1 0007FE
__end_ofPL250                 text17       001FE4
__end_ofPL252                 text11_split_2 003596
__end_ofPL254                 cinit        000FE9
__end_ofPL256                 text35       0027F3
__end_ofPL258                 cinit        000EEB
__end_ofPL26                  text11_split_2 0033D2
__end_ofPL260                 text35       0027F8
__end_ofPL262                 text11_split_2 00359B
__end_ofPL264                 text35       0027FC
__end_ofPL266                 cinit        000E70
__end_ofPL268                 text11_split_2 0035A0
__end_ofPL270                 cinit        000E74
__end_ofPL272                 text35       002800
__end_ofPL274                 text11_split_2 0035A5
__end_ofPL28                  text12       0037C4
__end_ofPL30                  text35       002791
__end_ofPL32                  text6_split_1 0006CF
__end_ofPL34                  text6_split_1 0006D8
__end_ofPL36                  text6_split_1 0006E1
__end_ofPL38                  text12       0037C8
__end_ofPL4                   text11_split_2 0033B3
__end_ofPL40                  text35       0027A9
__end_ofPL42                  text12       0037F3
__end_ofPL44                  text17       001F15
__end_ofPL46                  text35       0027BF
__end_ofPL48                  cinit        000E25
__end_ofPL50                  text17       001F24
__end_ofPL52                  text17       001F37
__end_ofPL54                  text11_split_2 0033DC
__end_ofPL56                  text6_split_1 0006EA
__end_ofPL58                  text11_split_2 0033FB
__end_ofPL6                   text35       002775
__end_ofPL60                  text11_split_2 003402
__end_ofPL62                  text17       001F48
__end_ofPL64                  cinit        000E36
__end_ofPL66                  text11_split_2 00340A
__end_ofPL68                  text6_split_1 0006F5
__end_ofPL70                  text35       0027CF
__end_ofPL72                  text11_split_2 003423
__end_ofPL74                  text11_split_2 00343B
__end_ofPL76                  text11_split_2 003453
__end_ofPL78                  text6_split_1 000704
__end_ofPL8                   text17       001EF4
__end_ofPL80                  text17       001F4D
__end_ofPL82                  text11_split_2 00345C
__end_ofPL84                  text6_split_1 00070D
__end_ofPL86                  text11_split_2 003471
__end_ofPL88                  cinit        000E3F
__end_ofPL90                  text11_split_2 003480
__end_ofPL92                  text11_split_2 003486
__end_ofPL94                  text11_split_2 003494
__end_ofPL96                  text11_split_2 0034A2
__end_ofPL98                  text11_split_2 0034B0
__end_of_CRCHi                stringtext   003901
__end_of_CRCLo                stringtext   003A01
__end_of_Disable_Bost_Pwm     cinit        000B67
__end_of_Disable_Buck_Pwm     cinit        000DA7
__end_of_Enable_Bost_Pwm      cinit        000DD7
__end_of_Enable_Buck_Pwm      text24       0010CD
__end_of_Init_Ird             cinit        000F11
__end_of_Key_Menu             cinit        000B3D
__end_of_Mppt_Charge          text17       001B1C
__end_of_Set_Bost_Pwm_Duty    cinit        000D97
__end_of_Set_Buck_Pwm_Duty    cinit        000DD2
__end_of___awtofl             text35       002684
__end_of___fladd              text17       001EE1
__end_of___fldiv              text35       0022FC
__end_of___flge               text17       001E1A
__end_of___flmul              text35       00236A
__end_of___flpack             text35       0023B5
__end_of___flsub              text17       002000
__end_of___fltol              cinit        000EBB
__end_of___lbtofl             text35       002697
__end_of___lldiv              text16       00086D
__end_of___lmul               text35       0026BC
__end_of___lwdiv              text12       003742
__end_of___lwtofl             text17       001B30
__end_of___wmul               text15       00111D
__end_of__initialization      cinit        00091B
__end_of__stringtab           stringtext   003801
__end_of_application_init     text35       002213
__end_of_auto_system          text35       002291
__end_of_crc16                text8        00082E
__end_of_delay_1us            cinit        000DE0
__end_of_delay_ms             cinit        000B62
__end_of_driver_init          cinit        000EFC
__end_of_eeprom_read          text35       002667
__end_of_eeprom_write         cinit        000B84
__end_of_handle_ad_loop       text11_split_3 001800
__end_of_handle_task_process  cinit        000D6C
__end_of_handle_uart_rx_buf   text6_split_1 0006AF
__end_of_init_adc             cinit        000F30
__end_of_init_interrupt       cinit        000F8C
__end_of_init_key             cinit        000F36
__end_of_init_osc             cinit        000F3E
__end_of_init_port            cinit        000F5A
__end_of_init_pwm             cinit        000FE3
__end_of_init_timer1          cinit        000F67
__end_of_init_uart1           cinit        000F78
__end_of_isr                  intentry     00027D
__end_of_main                 cinit        000975
__end_of_memset               cinit        001000
__end_of_middle_init          cinit        000DE4
__end_of_pid_calc             text17       001DDA
__end_of_pid_init             cinit        000DA1
__end_of_read_param_eeprom    text35       002650
__end_of_scan_key_value       cinit        000A8A
__end_of_start_ad_convert     text12       00371D
__end_ofi1_Disable_Bost_Pwm   text52       0010D2
__end_ofi1_Set_Bost_Pwm_Duty  cinit        000EE7
__initialization              cinit        00086D
__pbssBANK0                   bssBANK0     000068
__pbssBANK1                   bssBANK1     0000C0
__pbssBANK2                   bssBANK2     000120
__pbssBANK3                   bssBANK3     0001A0
__pbssBANK4                   bssBANK4     000220
__pbssBANK5                   bssBANK5     0002A0
__pbssBANK6                   bssBANK6     000320
__pbssBANK7                   bssBANK7     0003A0
__pbssBANK8                   bssBANK8     000420
__pbssBIGRAM                  (abs)        002370
__pbssCOMMON                  bssCOMMON    00007C
__pcstackBANK0                cstackBANK0  000020
__pcstackBANK1                cstackBANK1  0000A0
__pcstackBANK5                cstackBANK5  0002E8
__pcstackCOMMON               cstackCOMMON 000070
__pdataBANK1                  dataBANK1    0000DD
__pdataBANK2                  dataBANK2    000153
__pdataBANK3                  dataBANK3    0001E3
__pdataBANK4                  dataBANK4    000254
__pdataBANK5                  dataBANK5    0002C8
__pidataBANK1                 idataBANK1   0010F6
__pidataBANK2                 idataBANK2   001139
__pidataBANK3                 idataBANK3   0010EA
__pidataBANK4                 idataBANK4   00111D
__pidataBANK5                 idataBANK5   001156
__pintentry                   intentry     000004
__pmaintext                   cinit        00091D
__pstringtext                 stringtext   003800
__ptext1                      cinit        000975
__ptext10                     cinit        000B84
__ptext11                     text11       002988
__ptext12                     text12       0035A5
__ptext13                     text12       00371D
__ptext14                     cinit        000DD7
__ptext15                     text15       001108
__ptext16                     text16       00082E
__ptext17                     text17       0019A2
__ptext18                     text17       001B30
__ptext19                     text17       001FE4
__ptext2                      cinit        000DE0
__ptext20                     text17       001DDA
__ptext21                     text35       002667
__ptext22                     text17       001B1C
__ptext23                     cinit        000E74
__ptext24                     text24       0010C9
__ptext25                     cinit        000EEB
__ptext26                     cinit        000F67
__ptext27                     cinit        000F5A
__ptext28                     cinit        000F8C
__ptext29                     cinit        000F3E
__ptext3                      text35       0023B5
__ptext30                     cinit        000F36
__ptext31                     cinit        000F30
__ptext32                     cinit        000F78
__ptext33                     cinit        000F11
__ptext34                     cinit        000EFC
__ptext35                     text35       0021D0
__ptext36                     cinit        000D97
__ptext37                     cinit        000FE9
__ptext38                     cinit        000A8A
__ptext39                     cinit        000B67
__ptext4                      text35       002697
__ptext40                     cinit        000B3D
__ptext41                     cinit        000DA7
__ptext42                     cinit        000D6C
__ptext43                     cinit        000DD2
__ptext44                     cinit        000DA1
__ptext45                     cinit        000B62
__ptext46                     text35       00236A
__ptext47                     text17       001E1A
__ptext48                     text35       0022FC
__ptext49                     text35       002291
__ptext5                      text35       002213
__ptext51                     cinit        000EC4
__ptext52                     text52       0010CD
__ptext6                      text6        002CB0
__ptext7                      text35       002650
__ptext8                      text8        000803
__ptext9                      text35       002684
__size_of_Disable_Bost_Pwm    (abs)        000000
__size_of_Disable_Buck_Pwm    (abs)        000000
__size_of_Enable_Bost_Pwm     (abs)        000000
__size_of_Enable_Buck_Pwm     (abs)        000000
__size_of_Init_Ird            (abs)        000000
__size_of_Key_Menu            (abs)        000000
__size_of_Mppt_Charge         (abs)        000000
__size_of_Set_Bost_Pwm_Duty   (abs)        000000
__size_of_Set_Buck_Pwm_Duty   (abs)        000000
__size_of___awtofl            (abs)        000000
__size_of___fladd             (abs)        000000
__size_of___fldiv             (abs)        000000
__size_of___flge              (abs)        000000
__size_of___flmul             (abs)        000000
__size_of___flpack            (abs)        000000
__size_of___flsub             (abs)        000000
__size_of___fltol             (abs)        000000
__size_of___lbtofl            (abs)        000000
__size_of___lldiv             (abs)        000000
__size_of___lmul              (abs)        000000
__size_of___lwdiv             (abs)        000000
__size_of___lwtofl            (abs)        000000
__size_of___wmul              (abs)        000000
__size_of_application_init    (abs)        000000
__size_of_auto_system         (abs)        000000
__size_of_crc16               (abs)        000000
__size_of_delay_1us           (abs)        000000
__size_of_delay_ms            (abs)        000000
__size_of_driver_init         (abs)        000000
__size_of_eeprom_read         (abs)        000000
__size_of_eeprom_write        (abs)        000000
__size_of_handle_ad_loop      (abs)        000000
__size_of_handle_task_process (abs)        000000
__size_of_handle_uart_rx_buf  (abs)        000000
__size_of_init_adc            (abs)        000000
__size_of_init_interrupt      (abs)        000000
__size_of_init_key            (abs)        000000
__size_of_init_osc            (abs)        000000
__size_of_init_port           (abs)        000000
__size_of_init_pwm            (abs)        000000
__size_of_init_timer1         (abs)        000000
__size_of_init_uart1          (abs)        000000
__size_of_isr                 (abs)        000000
__size_of_main                (abs)        000000
__size_of_memset              (abs)        000000
__size_of_middle_init         (abs)        000000
__size_of_pid_calc            (abs)        000000
__size_of_pid_init            (abs)        000000
__size_of_read_param_eeprom   (abs)        000000
__size_of_scan_key_value      (abs)        000000
__size_of_start_ad_convert    (abs)        000000
__size_ofi1_Disable_Bost_Pwm  (abs)        000000
__size_ofi1_Set_Bost_Pwm_Duty (abs)        000000
__stringtab                   stringtext   003800
_adc_buffer                   (abs)        002370
_an0_time_count               bssBANK3     0001A6
_an10_time_count              bssBANK3     0001A8
_an1_time_count               bssBANK3     0001AA
_an2_time_count               bssBANK3     0001AC
_an3_time_count               bssBANK3     0001AE
_an4_time_count               bssBANK3     0001B0
_an9_time_count               bssBANK3     0001B2
_application_init             text35       0021D0
_auto_system                  text35       002213
_b_v                          bssBANK2     000120
_battery_low_time_count       bssBANK4     00023C
_battery_voltage_status       bssBANK2     000127
_battery_voltage_value        bssBANK0     000068
_bost_pwm_value               bssBANK1     0000C4
_bt_00_hv                     bssBANK4     000220
_bt_00_lv                     bssBANK4     000224
_bt_id                        dataBANK1    0000EC
_bt_time_count                bssBANK3     0001C0
_bt_volt_00                   dataBANK4    000254
_bt_volt_20                   dataBANK4    000258
_bt_volt_40                   dataBANK4    00025C
_bt_volt_60                   dataBANK4    000260
_bt_volt_80                   dataBANK4    000264
_buck_pwm_value               bssBANK1     0000C6
_charge_I                     bssBANK4     000228
_charge_current_value         bssBANK1     0000C8
_charge_i_limit               dataBANK5    0002CC
_charge_index                 bssBANK1     0000D3
_crc16                        text8        000803
_crc_data                     bssCOMMON    00007C
_cv_level_time_count          bssBANK4     00023E
_day_time_count               bssBANK5     0002A4
_delay_1us                    cinit        000DD7
_delay_ms                     cinit        000B3D
_device_status                bssBANK0     00006A
_dianchi_cv_level             dataBANK3    0001E3
_dianchi_guoya_baohu          dataBANK2    000153
_dianchi_guoya_huifu          dataBANK3    0001E7
_dianchi_qianya_baohu         dataBANK4    000268
_dianchi_qianya_huifu         dataBANK5    0002D0
_discharge_current_value      bssBANK1     0000CA
_discharge_i_baohu            dataBANK5    0002D4
_discharge_i_limit            dataBANK5    0002D8
_discharge_index              bssBANK1     0000D4
_driver_init                  cinit        000EEB
_eeprom_read                  text35       002650
_eeprom_write                 cinit        000B67
_handle_ad_loop               text11       002988
_handle_an0_process_flag      bssBANK2     000128
_handle_an10_process_flag     bssBANK2     000129
_handle_an1_process_flag      bssBANK2     00012A
_handle_an2_process_flag      bssBANK2     00012B
_handle_an3_process_flag      bssBANK2     00012C
_handle_an4_process_flag      bssBANK2     00012D
_handle_an9_process_flag      bssBANK2     00012E
_handle_scan_key_flag         bssBANK2     00012F
_handle_short_flag            bssBANK2     000130
_handle_task_process          cinit        000B84
_handle_uart_rx_buf           text6        002CB0
_have_person1_flag            bssBANK1     0000D5
_have_person1_time_count      bssBANK2     000131
_ho_cnt                       bssBANK1     0000CC
_index_01_count               bssBANK4     000240
_index_02_count               bssBANK4     000242
_index_03_count               bssBANK4     000244
_index_04_count               bssBANK4     000246
_index_05_count               bssBANK4     000248
_index_06_count               bssBANK4     00024A
_init_adc                     cinit        000F11
_init_interrupt               cinit        000F78
_init_key                     cinit        000F30
_init_osc                     cinit        000F36
_init_port                    cinit        000F3E
_init_pwm                     cinit        000F8C
_init_timer1                  cinit        000F5A
_init_uart1                   cinit        000F67
_involid_time_count           bssBANK4     00024C
_ird_data                     dataBANK4    00026C
_ird_receive_flag             bssBANK2     000132
_ird_receive_time_count       bssBANK2     000133
_ird_status                   bssBANK2     000134
_isr                          intentry     000004
_key1_index                   bssBANK3     0001C1
_key1_time_count              bssBANK2     000135
_led_out_ctrl                 bssBANK1     0000D6
_light_mode                   bssBANK1     0000D7
_light_off_pv_level           dataBANK5    0002DC
_light_on_pv_level            dataBANK5    0002E0
_light_pv                     dataBANK1    0000DD
_light_time                   bssBANK1     0000DB
_light_time_level             bssBANK3     0001A0
_limit_power_pid_flag         bssBANK3     0001C2
_load_I                       bssBANK4     00022C
_load_cc_I                    dataBANK1    0000E1
_load_open_time_count         bssBANK4     00024E
_load_short_time_count        bssBANK3     0001B4
_load_v                       bssBANK4     000230
_load_voltage_value           bssBANK1     0000CE
_main                         cinit        00091D
_memset                       cinit        000FE9
_mi_cnt                       bssBANK3     0001B6
_middle_init                  cinit        000DE0
_mppt_status                  bssBANK3     0001C3
_mppt_time_count              bssBANK4     000250
_ms_cnt                       bssBANK3     0001B8
_night_time_count             bssBANK4     000234
_nop_index                    bssBANK2     000136
_open_an0_time                bssBANK2     000137
_open_an10_time               bssBANK2     000138
_open_an1_time                bssBANK2     000139
_open_an2_time                bssBANK2     00013A
_open_an3_time                bssBANK2     00013B
_open_an4_time                bssBANK2     00013C
_open_an9_time                bssBANK2     00013D
_open_discharge_time          bssBANK2     00013E
_open_sleep_time              bssBANK2     00013F
_over_load_time_count         bssBANK4     000252
_over_temper_time_count       bssBANK3     0001C4
_p_v                          bssBANK4     000238
_pid_calc                     text17       001B30
_pid_calc$2870                cstackBANK1  0000AC
_pid_calc$2871                cstackBANK1  0000B0
_pid_index                    bssBANK2     000140
_pid_init                     cinit        000D97
_pv_index                     bssBANK2     000141
_pv_time_count                bssBANK5     0002A8
_pv_voltage_status            bssBANK2     000142
_pv_voltage_value             bssBANK1     0000D0
_read_param_eeprom            text35       0023B5
_receive_bit_count            bssBANK2     000143
_rx_frame_kind                bssBANK2     000144
[...]
  exp             1   32[BANK0 ] unsigned char 
 Return value:  Size  Location     Type
                  4   20[BANK0 ] unsigned char 
 Registers used:
		wreg, status,2, status,0, pclath, cstack
 Tracked objects:
		On entry : 
		On exit  : 
		Unchanged: 
 Data sizes:     COMMON   BANK0   BANK1   BANK2   BANK3   BANK4   BANK5   BANK6   BANK7   BANK8   BANK9  BANK10  BANK11  BANK12
      Params:         0       8       0       0       0       0       0       0       0       0       0       0       0       0
      Locals:         0       7       0       0       0       0       0       0       0       0       0       0       0       0
      Temps:          0       4       0       0       0       0       0       0       0       0       0       0       0       0
      Totals:         0      19       0       0       0       0       0       0       0       0       0       0       0       0
Total ram usage:       19 bytes
 Hardware stack levels used:    1
 Hardware stack levels required when called:    3
 This function calls:
		___flpack
 This function is called by:
		_read_param_eeprom
		_auto_system
		_application_init
		_pid_calc
		_handle_ad_loop
		_handle_task_process
		_handle_uart_rx_buf
 This function uses a non-reentrant model


 *************** function ___fldiv *****************
 Defined at:
		line 49 in file "D:\Program Files (x86)\Microchip\xc8\v1.30\sources\pic\fldiv.c"
 Parameters:    Size  Location     Type
  f2              4   39[BANK0 ] unsigned char 
  f1              4   43[BANK0 ] unsigned char 
 Auto vars:     Size  Location     Type
  f3              4   51[BANK0 ] unsigned char 
  sign            1   57[BANK0 ] unsigned char 
  exp             1   56[BANK0 ] unsigned char 
  cntr            1   55[BANK0 ] unsigned char 
 Return value:  Size  Location     Type
                  4   39[BANK0 ] unsigned char 
 Registers used:
		wreg, status,2, status,0, pclath, cstack
 Tracked objects:
		On entry : 
		On exit  : 
		Unchanged: 
 Data sizes:     COMMON   BANK0   BANK1   BANK2   BANK3   BANK4   BANK5   BANK6   BANK7   BANK8   BANK9  BANK10  BANK11  BANK12
      Params:         0       8       0       0       0       0       0       0       0       0       0       0       0       0
      Locals:         0       7       0       0       0       0       0       0       0       0       0       0       0       0
      Temps:          0       4       0       0       0       0       0       0       0       0       0       0       0       0
      Totals:         0      19       0       0       0       0       0       0       0       0       0       0       0       0
Total ram usage:       19 bytes
 Hardware stack levels used:    1
 Hardware stack levels required when called:    3
 This function calls:
		___flpack
 This function is called by:
		_read_param_eeprom
		_auto_system
		_application_init
		_handle_ad_loop
		_handle_task_process
		_handle_uart_rx_buf
 This function uses a non-reentrant model


 *************** function _isr *****************
 Defined at:
		line 62 in file "D:\MCUProject\ZH-SL-H40\src\interrupt.c"
 Parameters:    Size  Location     Type
		None
 Auto vars:     Size  Location     Type
  time_cnt        2    1[BANK0 ] unsigned int 
  r1_data         1    0[BANK0 ] unsigned char 
  r2_data         1    0        unsigned char 
 Return value:  Size  Location     Type
		None               void
 Registers used:
		wreg, fsr1l, fsr1h, status,2, status,0, pclath, cstack
 Tracked objects:
		On entry : 
		On exit  : 
		Unchanged: 
 Data sizes:     COMMON   BANK0   BANK1   BANK2   BANK3   BANK4   BANK5   BANK6   BANK7   BANK8   BANK9  BANK10  BANK11  BANK12
      Params:         0       0       0       0       0       0       0       0       0       0       0       0       0       0
      Locals:         0       3       0       0       0       0       0       0       0       0       0       0       0       0
      Temps:          8       0       0       0       0       0       0       0       0       0       0       0       0       0
      Totals:         8       3       0       0       0       0       0       0       0       0       0       0       0       0
Total ram usage:       11 bytes
 Hardware stack levels used:    1
 Hardware stack levels required when called:    1
 This function calls:
		i1_Disable_Bost_Pwm
		i1_Set_Bost_Pwm_Duty
 This function is called by:
		Interrupt level 1
 This function uses a non-reentrant model


 *************** function i1_Set_Bost_Pwm_Duty *****************
 Defined at:
		line 216 in file "D:\MCUProject\ZH-SL-H40\src\pwm.c"
 Parameters:    Size  Location     Type
  dduty           2    0[COMMON] unsigned int 
 Auto vars:     Size  Location     Type
		None
 Return value:  Size  Location     Type
		None               void
 Registers used:
		wreg, status,2, status,0
 Tracked objects:
		On entry : 
		On exit  : 
		Unchanged: 
 Data sizes:     COMMON   BANK0   BANK1   BANK2   BANK3   BANK4   BANK5   BANK6   BANK7   BANK8   BANK9  BANK10  BANK11  BANK12
      Params:         2       0       0       0       0       0       0       0       0       0       0       0       0       0
      Locals:         0       0       0       0       0       0       0       0       0       0       0       0       0       0
      Temps:          2       0       0       0       0       0       0       0       0       0       0       0       0       0
      Totals:         4       0       0       0       0       0       0       0       0       0       0       0       0       0
Total ram usage:        4 bytes
 Hardware stack levels used:    1
 This function calls:
		Nothing
 This function is called by:
		_isr
 This function uses a non-reentrant model


 *************** function i1_Disable_Bost_Pwm *****************
 Defined at:
		line 201 in file "D:\MCUProject\ZH-SL-H40\src\pwm.c"
 Parameters:    Size  Location     Type
		None
 Auto vars:     Size  Location     Type
		None
 Return value:  Size  Location     Type
		None               void
 Registers used:
		None
 Tracked objects:
		On entry : 
		On exit  : 
		Unchanged: 
 Data sizes:     COMMON   BANK0   BANK1   BANK2   BANK3   BANK4   BANK5   BANK6   BANK7   BANK8   BANK9  BANK10  BANK11  BANK12
      Params:         0       0       0       0       0       0       0       0       0       0       0       0       0       0
      Locals:         0       0       0       0       0       0       0       0       0       0       0       0       0       0
      Temps:          0       0       0       0       0       0       0       0       0       0       0       0       0       0
      Totals:         0       0       0       0       0       0       0       0       0       0       0       0       0       0
Total ram usage:        0 bytes
 Hardware stack levels used:    1
 This function calls:
		Nothing
 This function is called by:
		_isr
 This function uses a non-reentrant model



MODULE INFORMATION

Module		Function		Class		Link	Load	Size
D:\Program Files (x86)\Microchip\xc8\v1.30\sources\common\lwdiv.c
		___lwdiv       		CODE           	371D	0000	37

D:\Program Files (x86)\Microchip\xc8\v1.30\sources\common\lwdiv.c estimated size: 37

D:\Program Files (x86)\Microchip\xc8\v1.30\sources\common\memset.c
		_memset        		CODE           	0FE9	0000	23

D:\Program Files (x86)\Microchip\xc8\v1.30\sources\common\memset.c estimated size: 23

D:\MCUProject\ZH-SL-H40\src\uart.c
		_init_uart1    		CODE           	0F67	0000	17
		_handle_uart_rx		CODE           	2CB0	0000	4294957567

D:\MCUProject\ZH-SL-H40\src\uart.c estimated size: 4294957584

D:\MCUProject\ZH-SL-H40\src\Modbus.c
		_crc16         		CODE           	0803	0000	43

D:\MCUProject\ZH-SL-H40\src\Modbus.c estimated size: 43

D:\Program Files (x86)\Microchip\xc8\v1.30\sources\common\awtofl.c
		___awtofl      		CODE           	2667	0000	29

D:\Program Files (x86)\Microchip\xc8\v1.30\sources\common\awtofl.c estimated size: 29

D:\Program Files (x86)\Microchip\xc8\v1.30\sources\common\lbtofl.c
		___lbtofl      		CODE           	2684	0000	19

D:\Program Files (x86)\Microchip\xc8\v1.30\sources\common\lbtofl.c estimated size: 19

D:\Program Files (x86)\Microchip\xc8\v1.30\sources\common\flge.c
		___flge        		CODE           	1DDA	0000	64

D:\Program Files (x86)\Microchip\xc8\v1.30\sources\common\flge.c estimated size: 64

D:\MCUProject\ZH-SL-H40\src\task.c
		_Mppt_Charge   		CODE           	19A2	0000	378
		_start_ad_conve		CODE           	35A5	0000	376
		_handle_ad_loop		CODE           	2988	0000	4294962808
		_handle_task_pr		CODE           	0B84	0000	488

D:\MCUProject\ZH-SL-H40\src\task.c estimated size: 4294964050

D:\Program Files (x86)\Microchip\xc8\v1.30\sources\common\wmul.c
		___wmul        		CODE           	1108	0000	21

D:\Program Files (x86)\Microchip\xc8\v1.30\sources\common\wmul.c estimated size: 21

D:\MCUProject\ZH-SL-H40\src\PID.c
		_pid_init      		CODE           	0D97	0000	10
		_pid_calc      		CODE           	1B30	0000	682

D:\MCUProject\ZH-SL-H40\src\PID.c estimated size: 692

D:\MCUProject\ZH-SL-H40\src\timer.c
		_init_timer1   		CODE           	0F5A	0000	13

D:\MCUProject\ZH-SL-H40\src\timer.c estimated size: 13

shared
		PL12           		CODE           	1EF4	0000	16
		PL50           		CODE           	1F15	0000	15
		PL8            		CODE           	1EE1	0000	19
		PL268          		CODE           	359B	0000	5
		PL22           		CODE           	0DE4	0000	28
		PL60           		CODE           	33FB	0000	7
		PL178          		CODE           	1F7D	0000	8
		PL100          		CODE           	34B0	0000	14
		PL32           		CODE           	06C6	0000	9
		PL70           		CODE           	27BF	0000	16
		_CRCLo         		STRCODE        	3901	0000	256
		PL200          		CODE           	07E2	0000	9
		PL42           		CODE           	37C8	0000	43
		PL80           		CODE           	1F48	0000	5
		PL188          		CODE           	1F99	0000	10
		PL110          		CODE           	1F4D	0000	6
		PL14           		CODE           	06AF	0000	23
		PL52           		CODE           	1F24	0000	19
		PL90           		CODE           	3471	0000	15
		PL210          		CODE           	3554	0000	9
		PL24           		CODE           	0E00	0000	16
		PL62           		CODE           	1F37	0000	17
		PL198          		CODE           	1FAC	0000	9
		__stringtab    		STRCODE        	3800	0000	1
		PL120          		CODE           	0735	0000	17
		PL34           		CODE           	06CF	0000	9
		PL72           		CODE           	340A	0000	25
		PL220          		CODE           	27E6	0000	8
		PL44           		CODE           	1F04	0000	17
		PL82           		CODE           	3453	0000	9
		PL130          		CODE           	34DF	0000	17
		PL16           		CODE           	2775	0000	20
		PL54           		CODE           	33D2	0000	10
		PL92           		CODE           	3480	0000	6
		PL230          		CODE           	1FC1	0000	6
		PL26           		CODE           	33C5	0000	13
		PL64           		CODE           	0E25	0000	17
		PL102          		CODE           	070D	0000	6
		PL140          		CODE           	1F63	0000	10
		PL36           		CODE           	06D8	0000	9
		PL74           		CODE           	3423	0000	24
		PL202          		CODE           	0E5B	0000	6
		PL240          		CODE           	0E66	0000	5
		PL46           		CODE           	27A9	0000	22
		PL84           		CODE           	0704	0000	9
		PL112          		CODE           	27CF	0000	17
		PL150          		CODE           	0796	0000	6
		PL18           		CODE           	33B3	0000	9
		PL56           		CODE           	06E1	0000	9
		PL94           		CODE           	3486	0000	14
		PL212          		CODE           	355D	0000	9
		PL250          		CODE           	1FDE	0000	6
		PL28           		CODE           	37BA	0000	10
		PL66           		CODE           	3402	0000	8
		PL122          		CODE           	0746	0000	17
		PL160          		CODE           	1F75	0000	8
		PL38           		CODE           	37C4	0000	4
		PL76           		CODE           	343B	0000	24
		PL222          		CODE           	1FB5	0000	6
		PL260          		CODE           	27F3	0000	5
		PL48           		CODE           	0E10	0000	21
		PL86           		CODE           	345C	0000	21
		PL132          		CODE           	34F0	0000	17
		PL170          		CODE           	37F3	0000	13
		PL58           		CODE           	33DC	0000	31
		PL96           		CODE           	3494	0000	14
		PL232          		CODE           	1FC7	0000	6
		PL270          		CODE           	0E70	0000	4
		PL68           		CODE           	06EA	0000	11
		PL104          		CODE           	0E3F	0000	6
		PL142          		CODE           	3521	0000	15
		PL180          		CODE           	3539	0000	11
		PL78           		CODE           	06F5	0000	15
		PL204          		CODE           	0E61	0000	5
		PL242          		CODE           	358B	0000	6
		PL88           		CODE           	0E36	0000	9
		PL114          		CODE           	0713	0000	17
		PL152          		CODE           	079C	0000	6
		PL190          		CODE           	27E0	0000	6
		PL98           		CODE           	34A2	0000	14
		PL214          		CODE           	3566	0000	9
		PL252          		CODE           	3591	0000	5
		PL124          		CODE           	0757	0000	17
		PL162          		CODE           	07B4	0000	7
		__initializatio		CODE           	086D	0000	174
		PL224          		CODE           	07EB	0000	6
		PL262          		CODE           	3596	0000	5
		PL134          		CODE           	3501	0000	16
		PL172          		CODE           	07C8	0000	7
		PL234          		CODE           	07F1	0000	7
		PL272          		CODE           	27FC	0000	4
		PL106          		CODE           	34BE	0000	8
		PL144          		CODE           	078A	0000	6
		PL182          		CODE           	0E50	0000	11
		PL206          		CODE           	0EBB	0000	9
		PL244          		CODE           	1FD2	0000	6
		PL116          		CODE           	0724	0000	17
		PL154          		CODE           	07A2	0000	6
		PL192          		CODE           	3544	0000	7
		PL216          		CODE           	356F	0000	7
		PL254          		CODE           	0FE3	0000	6
		PL126          		CODE           	0768	0000	17
		PL164          		CODE           	07BB	0000	13
		PL226          		CODE           	357E	0000	6
		PL264          		CODE           	27F8	0000	4
		_CRCHi         		STRCODE        	3801	0000	256
		PL136          		CODE           	3511	0000	16
		PL174          		CODE           	0E4B	0000	5
		PL236          		CODE           	1FCD	0000	5
		PL274          		CODE           	35A0	0000	5
		PL108          		CODE           	34C6	0000	8
		PL146          		CODE           	0790	0000	6
		PL184          		CODE           	1F85	0000	10
		PL208          		CODE           	354B	0000	9
		PL246          		CODE           	1FD8	0000	6
		PL118          		CODE           	34CE	0000	17
		PL156          		CODE           	07A8	0000	6
		PL194          		CODE           	07DB	0000	7
		PL218          		CODE           	3576	0000	8
		PL256          		CODE           	27EE	0000	5
		i1_Disable_Bost		CODE           	10CD	0000	5
		PL128          		CODE           	0779	0000	17
		PL166          		CODE           	0E45	0000	6
		i1_Set_Bost_Pwm		CODE           	0EC4	0000	35
		PL228          		CODE           	1FBB	0000	6
		PL266          		CODE           	0E6B	0000	5
		PL138          		CODE           	1F53	0000	16
		PL176          		CODE           	07CF	0000	12
		PL2            		CODE           	26BC	0000	64
		PL238          		CODE           	3584	0000	7
		PL148          		CODE           	1F6D	0000	8
		PL186          		CODE           	1F8F	0000	10
		PL10           		CODE           	3742	0000	120
		PL4            		CODE           	3397	0000	28
		PL248          		CODE           	07F8	0000	6
		PL20           		CODE           	33BC	0000	9
		PL158          		CODE           	07AE	0000	6
		PL196          		CODE           	1FA3	0000	9
		PL30           		CODE           	2789	0000	8
		PL6            		CODE           	26FC	0000	121
		PL258          		CODE           	0EE7	0000	4
		PL40           		CODE           	2791	0000	24
		PL168          		CODE           	3530	0000	9

shared estimated size: 2524

D:\Program Files (x86)\Microchip\xc8\v1.30\sources\common\lwtofl.c
		___lwtofl      		CODE           	1B1C	0000	20

D:\Program Files (x86)\Microchip\xc8\v1.30\sources\common\lwtofl.c estimated size: 20

D:\Program Files (x86)\Microchip\xc8\v1.30\sources\common\flsub.c
		___flsub       		CODE           	1FE4	0000	28

D:\Program Files (x86)\Microchip\xc8\v1.30\sources\common\flsub.c estimated size: 28

D:\Program Files (x86)\Microchip\xc8\v1.30\sources\common\lldiv.c
		___lldiv       		CODE           	082E	0000	63

D:\Program Files (x86)\Microchip\xc8\v1.30\sources\common\lldiv.c estimated size: 63

D:\Program Files (x86)\Microchip\xc8\v1.30\sources\pic\eewrite.c
		_eeprom_write  		CODE           	0B67	0000	29

D:\Program Files (x86)\Microchip\xc8\v1.30\sources\pic\eewrite.c estimated size: 29

D:\MCUProject\ZH-SL-H40\src\main.c
		_middle_init   		CODE           	0DE0	0000	4
		_driver_init   		CODE           	0EEB	0000	17
		_init_port     		CODE           	0F3E	0000	28
		_main          		CODE           	091D	0000	88
		_application_in		CODE           	21D0	0000	67
		_init_osc      		CODE           	0F36	0000	8

D:\MCUProject\ZH-SL-H40\src\main.c estimated size: 212

D:\Program Files (x86)\Microchip\xc8\v1.30\sources\common\flmul.c
		___flmul       		CODE           	22FC	0000	110

D:\Program Files (x86)\Microchip\xc8\v1.30\sources\common\flmul.c estimated size: 110

D:\Program Files (x86)\Microchip\xc8\v1.30\sources\common\fltol.c
		___fltol       		CODE           	0E74	0000	71

D:\Program Files (x86)\Microchip\xc8\v1.30\sources\common\fltol.c estimated size: 71

D:\Program Files (x86)\Microchip\xc8\v1.30\sources\pic\fldiv.c
		___fldiv       		CODE           	2291	0000	107

D:\Program Files (x86)\Microchip\xc8\v1.30\sources\pic\fldiv.c estimated size: 107

D:\Program Files (x86)\Microchip\xc8\v1.30\sources\common\lmul.c
		___lmul        		CODE           	2697	0000	37

D:\Program Files (x86)\Microchip\xc8\v1.30\sources\common\lmul.c estimated size: 37

D:\MCUProject\ZH-SL-H40\src\pwm.c
		_Enable_Buck_Pw		CODE           	10C9	0000	4
		_Enable_Bost_Pw		CODE           	0DD2	0000	5
		_Set_Bost_Pwm_D		CODE           	0D6C	0000	43
		_Set_Buck_Pwm_D		CODE           	0DA7	0000	43
		_init_pwm      		CODE           	0F8C	0000	87
		_Disable_Buck_P		CODE           	0DA1	0000	6
		_Disable_Bost_P		CODE           	0B62	0000	5

D:\MCUProject\ZH-SL-H40\src\pwm.c estimated size: 193

D:\Program Files (x86)\Microchip\xc8\v1.30\sources\common\double.c
		___flpack      		CODE           	236A	0000	75

D:\Program Files (x86)\Microchip\xc8\v1.30\sources\common\double.c estimated size: 75

D:\MCUProject\ZH-SL-H40\src\interrupt.c
		_init_interrupt		CODE           	0F78	0000	20
		_isr           		CODE           	0004	0000	633

D:\MCUProject\ZH-SL-H40\src\interrupt.c estimated size: 653

D:\Program Files (x86)\Microchip\xc8\v1.30\sources\pic\eeread.c
		_eeprom_read   		CODE           	2650	0000	23

D:\Program Files (x86)\Microchip\xc8\v1.30\sources\pic\eeread.c estimated size: 23

D:\MCUProject\ZH-SL-H40\src\delay.c
		_delay_1us     		CODE           	0DD7	0000	9
		_delay_ms      		CODE           	0B3D	0000	37

D:\MCUProject\ZH-SL-H40\src\delay.c estimated size: 46

D:\MCUProject\ZH-SL-H40\src\ird_remote.c
		_Key_Menu      		CODE           	0A8A	0000	179
		_read_param_eep		CODE           	23B5	0000	667
		_auto_system   		CODE           	2213	0000	126
		_Init_Ird      		CODE           	0EFC	0000	21

D:\MCUProject\ZH-SL-H40\src\ird_remote.c estimated size: 993

D:\MCUProject\ZH-SL-H40\src\adc.c
		_init_adc      		CODE           	0F11	0000	31

D:\MCUProject\ZH-SL-H40\src\adc.c estimated size: 31

D:\MCUProject\ZH-SL-H40\src\key.c
		_init_key      		CODE           	0F30	0000	6
		_scan_key_value		CODE           	0975	0000	277

D:\MCUProject\ZH-SL-H40\src\key.c estimated size: 283

D:\Program Files (x86)\Microchip\xc8\v1.30\sources\common\fladd.c
		___fladd       		CODE           	1E1A	0000	199

D:\Program Files (x86)\Microchip\xc8\v1.30\sources\common\fladd.c estimated size: 199

